**********************
Windows PowerShell transcript start
Start time: 20231024130737
Username: WALKE\Sumithra Walke
RunAs User: WALKE\Sumithra Walke
Configuration Name: 
Machine: WALKE (Microsoft Windows NT 10.0.22621.0)
Host Application: C:\Windows\System32\WindowsPowerShell\v1.0\powershell.exe -noexit -command try { . "c:\Users\Sumithra Walke\AppData\Local\Programs\Microsoft VS Code\resources\app\out\vs\workbench\contrib\terminal\browser\media\shellIntegration.ps1" } catch {}
Process ID: 16124
PSVersion: 5.1.22621.2428
PSEdition: Desktop
PSCompatibleVersions: 1.0, 2.0, 3.0, 4.0, 5.0, 5.1.22621.2428
BuildVersion: 10.0.22621.2428
CLRVersion: 4.0.30319.42000
WSManStackVersion: 3.0
PSRemotingProtocolVersion: 2.3
SerializationVersion: 1.1.0.1
**********************
Transcript started, output file is c:\Users\Sumithra Walke\cprograms\fpc-advanced-classroom-1st-year-assignment-SumithraWalke\set02\problem07_session.txt
PS C:\Users\Sumithra Walke\cprograms\fpc-advanced-classroom-1st-year-assignment-SumithraWalke> gcc -g "c:\Users\Sumithra Walke\cprograms\fpc-advanced-classroom-1st-year-assignment-SumithraWalke\set02\problem07.c" -o "c:\Users\Sumithra Walke\cprograms\fpc-advanced-classroom-1st-year-assignment-SumithraWalke\set02\problem07.exe" 2>&1

PS C:\Users\Sumithra Walke\cprograms\fpc-advanced-classroom-1st-year-assignment-SumithraWalke> c:\Users\Sumithra Walke\cprograms\fpc-advanced-classroom-1st-year-assignment-SumithraWalke\set02\problem07.exe
c:\Users\Sumithra : The term 'c:\Users\Sumithra' is not recognized as the name of a cmdlet, function, script file, or 
operable program. Check the spelling of the name, or if a path was included, verify that the path is correct and try 
again.
At line:1 char:1
+ c:\Users\Sumithra Walke\cprograms\fpc-advanced-classroom-1st-year-ass ...
+ ~~~~~~~~~~~~~~~~~
    + CategoryInfo          : ObjectNotFound: (c:\Users\Sumithra:String) [], CommandNotFoundException
    + FullyQualifiedErrorId : CommandNotFoundException
c:\Users\Sumithra : The term 'c:\Users\Sumithra' is not recognized as the name of a cmdlet, function, script file, or operable program. Check the
spelling of the name, or if a path was included, verify that the path is correct and try again.
At line:1 char:1
+ c:\Users\Sumithra Walke\cprograms\fpc-advanced-classroom-1st-year-ass ...
+ ~~~~~~~~~~~~~~~~~
    + CategoryInfo          : ObjectNotFound: (c:\Users\Sumithra:String) [], CommandNotFoundException
    + FullyQualifiedErrorId : CommandNotFoundException

PS C:\Users\Sumithra Walke\cprograms\fpc-advanced-classroom-1st-year-assignment-SumithraWalke> git add .

PS C:\Users\Sumithra Walke\cprograms\fpc-advanced-classroom-1st-year-assignment-SumithraWalke> git commit -m "committed 10/24/2023, 1:07:53 PM"

PS C:\Users\Sumithra Walke\cprograms\fpc-advanced-classroom-1st-year-assignment-SumithraWalke> git push

PS C:\Users\Sumithra Walke\cprograms\fpc-advanced-classroom-1st-year-assignment-SumithraWalke> Stop-Transcript
**********************
Windows PowerShell transcript end
End time: 20231024130802
**********************
